// Jest Snapshot v1, https://goo.gl/fbAQLP

exports[`<Header /> test case Render Header without error 1`] = `
<div>
  <header
    class="fixed flex flex-row min-w-full bg-clrPrimary h-header z-10"
  >
    <div
      class="flex items-center w-480 px-3 mx-auto text-white"
    >
      <button
        class="mr-5 leading-none border-none focus:outline-none active:outline-none"
      >
        <span
          class="icon icon-arrow-left"
        />
      </button>
      <div />
    </div>
  </header>
</div>
`;
